
Azure Drift Detector - Test Report
=================================
Timestamp: 2025-05-16 19:06:20
Result: FAILED
Exit Code: 1
=================================
